[
  "b2c35aa8dae0f4f116d486ce3189398aafcc84167904afad1b7791ae6801cc79",
  "c3fb9c19fddb649911b5ae8ca72367d99ea4bdf18064390c6d9082d406ff5a38"
]