[
  "2af4f23a13541f798225876f6bacfbd54a1eeb35a64c1522c5e8784e70e6e27b",
  "72c48bd09c63d23951cf8977bea3269de76bc906466dc121504a1121dca0d828",
  "aabdeede33057b70fd68436345efea0a70e1d5009fafba0ad59f2827e92e289c"
]