[
  [
    "2fa7606e48bdca1855ac5c5922d6b7d07bcf6c06cb986a1e9816d5f6c4e40fcb",
    "fc13a6dc64e0777c0c3ef81d55d243466a1e86177a66ca80a757a201a2ae2d57",
    "304a300506032b6570034100fb6d72c3ed348f66053abaa3eb5df71f5cfdb9cc55e41dff6d3ebcfed4461be328ce70f86b22ad9444f3b4042b51c7ca08cce3bf90427fa0949ff2be2776a602"
  ],
  [
    "37ec7ada60889124172cc5c85b137b8813001081bdb7164b782e7b47841ba1e8",
    "2340c4b8632b99f1ec9184b9a82091ec92fa6f16090e5fa33464c010c93e623a",
    "304a300506032b6570034100288c26f1fe0a9fc1a7d1df1620372cd68d55c74fbf48feaaafe24728584bee81d399d332cfd8899292115c2a377a1bddc6ece54d4eded255b150068ba9df9a0a"
  ]
]