[
  [
    "b2c35aa8dae0f4f116d486ce3189398aafcc84167904afad1b7791ae6801cc79",
    "02f6b8430a2d705ddc8b1ae530052ea26183aa66723f2e35b3a7d7d213fdbcb641",
    "3044022037431e9941bc2fdb0b79bf506e61e03a21aae9f2ad576de3a71c9689313e57cd022077aabd03ea0f117416c324a3b7a55efaf5955d60e03d1d389d29bb95d8a9c47a"
  ],
  [
    "1400c57b757dbe0ec38e06f46c338e31b7c09d685ea7b9e75b7f49c429229279",
    "035b8d97cecf9ef4828f77007f94eb746aa300f7dbee8833d46681133bf5765d3f",
    "304402203e2c224974b53452ff0fed865a1918d6d3a94dfd01f082c60a1042308d3b71980220396728b3b3bc78ac3db58a804bb4d19ce153baf79f71872c124a64e2883b8ec2"
  ]
]